{
    "id": "cellfie_group2",
    "resource": {
        "experimentData": [
            [
                "Experiment data"
            ],
            [
                "  Experimenter name:  "
            ],
            [
                "  Laboratory:  "
            ],
            [
                "  Contact information:  "
            ],
            [
                "  Title:  "
            ],
            [
                "  URL:  "
            ],
            [
                "  PMIDs:  "
            ],
            [
                "  No abstract available."
            ],
            [
                "  notes:"
            ],
            [
                "   normalization:     "
            ],
            [
                "      normalize.quantiles"
            ],
            [
                "   summarizeBy:     "
            ],
            [
                "      mean"
            ],
            [
                "   org.Hs.eg.db_version:     "
            ],
            [
                "       2020-12-23"
            ],
            [
                "   featureAnnotationSet:     "
            ],
            [
                "      HGU133_plus_PM"
            ]
        ],
        "exprs": [
            [
                "BS586128",
                "BS586240",
                "BS586131"
            ],
            [
                "3.78615018912845",
                "3.68295613722495",
                "3.82804625098162"
            ],
            [
                "3.15087086107396",
                "3.22078940893019",
                "3.06783937011117"
            ],
            [
                "3.54353359447858",
                "3.297676630074",
                "3.71160764725808"
            ],
            [
                "3.68940264786164",
                "3.51391883064394",
                "3.50394031553657"
            ]
        ],
        "featureNames": [
            [
                "featureNames"
            ],
            [
                "A1BG"
            ],
            [
                "A1BG-AS1"
            ],
            [
                "A1CF"
            ],
            [
                "A2M"
            ]
        ],
        "pData": [
            [
                "participant_id",
                "study_time_collected",
                "study_time_collected_unit"
            ],
            [
                "SUB112834.269",
                "0",
                "Days"
            ],
            [
                "SUB112834.269",
                "7",
                "Days"
            ],
            [
                "SUB112832.269",
                "0",
                "Days"
            ]
        ],
        "phenoMetadata": [
            [
                "                           labelDescription"
            ],
            [
                "participant_id                         <NA>"
            ],
            [
                "study_time_collected                   <NA>"
            ],
            [
                "study_time_collected_unit              <NA>"
            ],
            [
                "cohort                                 <NA>"
            ],
            [
                "cohort_type                            <NA>"
            ],
            [
                "biosample_accession                    <NA>"
            ],
            [
                "exposure_material_reported             <NA>"
            ],
            [
                "exposure_process_preferred             <NA>"
            ]
        ],
        "system": "HUGO"
    },
    "resourceType": "eset"
}